[11:21:38] [ServerMain/INFO]: [bootstrap] Running Java 22 (Java HotSpot(TM) 64-Bit Server VM 22.0.1+8-16; Oracle Corporation null) on Windows 11 10.0 (amd64)
[11:21:38] [ServerMain/INFO]: [bootstrap] Loading Paper 1.21.1-132-ver/1.21.1@b48403b (2024-11-21T10:14:27Z) for Minecraft 1.21.1
[11:21:38] [ServerMain/INFO]: [PluginInitializerManager] Initializing plugins...
[11:21:39] [Paper Plugin Remapper Thread - 1/INFO]: [PluginRemapper] Remapping plugin 'C:\Users\handy\IdeaProjects\skFreaky\build\libs\SkFreaky-1.0.jar'...
[11:21:39] [Paper Plugin Remapper Thread - 1/INFO]: [PluginRemapper] Done remapping plugin 'C:\Users\handy\IdeaProjects\skFreaky\build\libs\SkFreaky-1.0.jar' in 184ms.
[11:21:39] [ServerMain/INFO]: [PluginInitializerManager] Initialized 7 plugins
[11:21:39] [ServerMain/INFO]: [PluginInitializerManager] Bukkit plugins (7):
 - LuckPerms (5.4.151), SkBee (3.8.1), SkFreaky (1.0), Skript (2.10.0), Vault (1.7.3-b131), ViaBackwards (5.2.1), ViaVersion (5.2.1)
[11:21:43] [ServerMain/INFO]: Environment: Environment[sessionHost=https://sessionserver.mojang.com, servicesHost=https://api.minecraftservices.com, name=PROD]
[11:21:44] [ServerMain/INFO]: Loaded 1290 recipes
[11:21:44] [ServerMain/INFO]: Loaded 1399 advancements
[11:21:44] [Server thread/INFO]: Starting minecraft server version 1.21.1
[11:21:44] [Server thread/INFO]: Loading properties
[11:21:44] [Server thread/INFO]: This server is running Paper version 1.21.1-132-ver/1.21.1@b48403b (2024-11-21T10:14:27Z) (Implementing API version 1.21.1-R0.1-SNAPSHOT)
[11:21:45] [Server thread/INFO]: [spark] This server bundles the spark profiler. For more information please visit https://docs.papermc.io/paper/profiling
[11:21:45] [Server thread/INFO]: Using 4 threads for Netty based IO
[11:21:45] [Server thread/INFO]: Server Ping Player Sample Count: 12
[11:21:45] [Server thread/INFO]: [ChunkTaskScheduler] Chunk system is using 1 I/O threads, 4 worker threads, and population gen parallelism of 4 threads
[11:21:46] [Server thread/INFO]: Default game type: SURVIVAL
[11:21:46] [Server thread/INFO]: Generating keypair
[11:21:46] [Server thread/INFO]: Starting Minecraft server on *:25564
[11:21:46] [Server thread/INFO]: Using default channel type
[11:21:46] [Server thread/INFO]: Paper: Using Java compression from Velocity.
[11:21:46] [Server thread/INFO]: Paper: Using Java cipher from Velocity.
[11:21:46] [Server thread/INFO]: [ViaVersion] Loading server plugin ViaVersion v5.2.1
[11:21:46] [Server thread/INFO]: [ViaVersion] ViaVersion 5.2.1 is now loaded. Registering protocol transformers and injecting...
[11:21:47] [Via-Mappingloader-0/INFO]: [ViaVersion] Loading block connection mappings ...
[11:21:47] [Via-Mappingloader-0/INFO]: [ViaVersion] Using FastUtil Long2ObjectOpenHashMap for block connections
[11:21:47] [Server thread/INFO]: [ViaBackwards] Loading translations...
[11:21:47] [Server thread/INFO]: [ViaBackwards] Registering protocols...
[11:21:47] [Server thread/INFO]: [LuckPerms] Loading server plugin LuckPerms v5.4.151
[11:21:47] [Server thread/INFO]: [Vault] Loading server plugin Vault v1.7.3-b131
[11:21:47] [Server thread/INFO]: [Skript] Loading server plugin Skript v2.10.0
[11:21:47] [Server thread/INFO]: [SkFreaky] Loading server plugin SkFreaky v1.0
[11:21:47] [Server thread/INFO]: [ViaBackwards] Loading server plugin ViaBackwards v5.2.1
[11:21:47] [Server thread/INFO]: [SkBee] Loading server plugin SkBee v3.8.1
[11:21:47] [Server thread/INFO]: Server permissions file permissions.yml is empty, ignoring it
[11:21:47] [Server thread/INFO]: [LuckPerms] Enabling LuckPerms v5.4.151
[11:21:48] [Server thread/INFO]:         __    
[11:21:48] [Server thread/INFO]:   |    |__)   LuckPerms v5.4.151
[11:21:48] [Server thread/INFO]:   |___ |      Running on Bukkit - Paper
[11:21:48] [Server thread/INFO]: 
[11:21:48] [Server thread/INFO]: [LuckPerms] Loading configuration...
[11:21:48] [Server thread/INFO]: [LuckPerms] Loading storage provider... [H2]
[11:21:48] [Server thread/INFO]: [LuckPerms] Loading internal permission managers...
[11:21:48] [Server thread/INFO]: [LuckPerms] Performing initial data load...
[11:21:48] [Server thread/INFO]: [LuckPerms] Successfully enabled. (took 863ms)
[11:21:48] [Server thread/INFO]: [Vault] Enabling Vault v1.7.3-b131
[11:21:48] [Server thread/INFO]: [Vault] [Permission] SuperPermissions loaded as backup permission system.
[11:21:48] [Server thread/INFO]: [Vault] Enabled Version 1.7.3-b131
[11:21:48] [Server thread/INFO]: [LuckPerms] Registered Vault permission & chat hook.
[11:21:48] [Server thread/INFO]: Preparing level "world"
[11:21:49] [Server thread/INFO]: Preparing start region for dimension minecraft:overworld
[11:21:49] [Server thread/INFO]: Time elapsed: 638 ms
[11:21:49] [Server thread/INFO]: Preparing start region for dimension minecraft:the_nether
[11:21:50] [Server thread/INFO]: Time elapsed: 290 ms
[11:21:50] [Server thread/INFO]: Preparing start region for dimension minecraft:the_end
[11:21:50] [Server thread/INFO]: Time elapsed: 63 ms
[11:21:50] [Server thread/INFO]: [ViaVersion] Enabling ViaVersion v5.2.1
[11:21:50] [Server thread/INFO]: [ViaVersion] ViaVersion detected server version: 1.21-1.21.1 (767)
[11:21:50] [Server thread/INFO]: [Skript] Enabling Skript v2.10.0
[11:21:51] [ForkJoinPool.commonPool-worker-2/INFO]: [Skript] You're currently running the latest stable version of Skript.
[11:21:51] [Server thread/INFO]: [Skript]  ~ created by & © Peter Güttinger aka Njol ~
[11:21:51] [Server thread/INFO]: [SkFreaky] Enabling SkFreaky v1.0
[11:21:51] [Server thread/INFO]: [SkFreaky] Freak is in the house.
[11:21:51] [Server thread/INFO]: [ViaBackwards] Enabling ViaBackwards v5.2.1
[11:21:51] [Server thread/INFO]: [SkBee] Enabling SkBee v3.8.1
[11:21:51] [Server thread/INFO]: [SkBee] Registry Elements successfully loaded
[11:21:52] [Server thread/INFO]: [SkBee] Loading NBTApi...
[11:21:52] [Server thread/INFO]: [SkBee] [NBTAPI] Found Minecraft: 1.21.1! Trying to find NMS support
[11:21:52] [Server thread/INFO]: [SkBee] [NBTAPI] NMS support 'MC1_21_R1' loaded!
[11:21:52] [Server thread/INFO]: [SkBee] Successfully loaded NBTApi!
[11:21:52] [Server thread/INFO]: [SkBee] NBT Elements successfully loaded
[11:21:52] [Server thread/INFO]: [SkBee] Text Component Elements successfully loaded
[11:21:52] [Server thread/INFO]: [SkBee] Advancement Elements successfully loaded
[11:21:52] [Server thread/INFO]: [SkBee] BossBar Elements successfully loaded
[11:21:52] [Server thread/INFO]: [SkBee] Bound Elements successfully loaded
[11:21:52] [Server thread/INFO]: [SkBee] Damage Source Elements successfully loaded
[11:21:52] [Server thread/INFO]: [SkBee] Display Entity Elements successfully loaded
[11:21:52] [Server thread/INFO]: [SkBee] Fishing Elements successfully loaded
[11:21:52] [Server thread/INFO]: [SkBee] Game Event Elements successfully loaded
[11:21:52] [Server thread/INFO]: [SkBee] Item Component Elements disabled (Requires Paper 1.21.3+)
[11:21:52] [ForkJoinPool.commonPool-worker-2/INFO]: [Skript] Loaded 5328 aliases in 721ms
[11:21:52] [Server thread/INFO]: [SkBee] Particle Elements successfully loaded
[11:21:52] [Server thread/INFO]: [SkBee] RayTrace Elements successfully loaded
[11:21:52] [Server thread/INFO]: [SkBee] Recipe Elements successfully loaded
[11:21:52] [Server thread/INFO]: [SkBee] Scoreboard[Adventure] Elements successfully loaded
[11:21:52] [Server thread/INFO]: [SkBee] Scoreboard Objective Elements successfully loaded
[11:21:52] [Server thread/INFO]: [SkBee] Statistic Elements successfully loaded
[11:21:52] [Server thread/INFO]: [SkBee] Structure Elements successfully loaded
[11:21:52] [Server thread/INFO]: [SkBee] SwitchCase Elements successfully loaded
[11:21:52] [Server thread/INFO]: [SkBee] Minecraft Tag Elements disabled (now in Skript)
[11:21:52] [Server thread/INFO]: [SkBee] Team Elements successfully loaded
[11:21:52] [Server thread/INFO]: [SkBee] Tick Manager Elements successfully loaded
[11:21:52] [Server thread/INFO]: [SkBee] Villager Elements successfully loaded
[11:21:52] [Server thread/INFO]: [SkBee] Virtual Furnace Elements disabled via config
[11:21:52] [Server thread/INFO]: [SkBee] World Border Elements successfully loaded
[11:21:52] [Server thread/INFO]: [SkBee] World Creator Elements successfully loaded
[11:21:52] [Server thread/INFO]: [SkBee] Chunk Generator Elements successfully loaded
[11:21:52] [Server thread/INFO]: [SkBee] Loaded (413) elements:
[11:21:52] [Server thread/INFO]: [SkBee]  - 51 events
[11:21:52] [Server thread/INFO]: [SkBee]  - 69 effects
[11:21:52] [Server thread/INFO]: [SkBee]  - 254 expressions
[11:21:52] [Server thread/INFO]: [SkBee]  - 25 conditions
[11:21:52] [Server thread/INFO]: [SkBee]  - 14 sections
[11:21:52] [Server thread/INFO]: [SkBee] Checking for update...
[11:21:52] [Server thread/INFO]: [SkBee] Plugin is up to date!
[11:21:52] [Server thread/INFO]: [SkBee] Successfully enabled v3.8.1 in 0.95 seconds
[11:21:52] [Server thread/INFO]: [spark] Starting background profiler...
[11:21:52] [Server thread/INFO]: [spark] The async-profiler engine is not supported for your os/arch (windows11/amd64), so the built-in Java engine will be used instead.
[11:21:52] [Server thread/INFO]: Done preparing level "world" (3.764s)
[11:21:52] [Server thread/INFO]: Running delayed init tasks
[11:21:52] [Craft Scheduler Thread - 1 - ViaVersion/INFO]: [ViaVersion] Finished mapping loading, shutting down loader executor.
[11:21:52] [Server thread/INFO]: [Skript] Loading variables...
[11:21:52] [Server thread/INFO]: [Skript] Loaded 2 variables in 0.0 seconds
[11:21:53] [Server thread/INFO]: [Skript] All scripts loaded without errors.
[11:21:53] [Server thread/INFO]: [Skript] Loaded 2 scripts with a total of 16 structures in 0.53 seconds
[11:21:53] [Server thread/INFO]: [Skript] Finished loading.
[11:21:53] [Server thread/INFO]: Done (15.804s)! For help, type "help"
[11:21:53] [Server thread/INFO]: Timings Reset
[11:21:53] [Craft Scheduler Thread - 3 - Vault/INFO]: [Vault] Checking for Updates ... 
[11:21:53] [Craft Scheduler Thread - 3 - Vault/INFO]: [Vault] No new version available
[11:23:32] [User Authenticator #0/INFO]: UUID of player Staffell is 74364ca5-f6be-4b6e-8919-e9bd9402154a
[11:23:33] [Server thread/INFO]: Staffell joined the game
[11:23:33] [Server thread/INFO]: Staffell[/127.0.0.1:64348] logged in with entity id 6 at ([world]-590.3417201238565, 71.0, 333.56604854974853)
[12:01:59] [Server thread/INFO]: Staffell lost connection: Disconnected
[12:01:59] [Server thread/INFO]: Staffell left the game
